\BOOKMARK [1][-]{section.1}{\376\377\000I\000n\000t\000r\000o\000d\000u\000c\000t\000i\000o\000n}{}% 1
\BOOKMARK [2][-]{subsection.1.1}{\376\377\000E\000x\000t\000e\000r\000n\000a\000l\000\040\000a\000n\000a\000l\000y\000t\000i\000c\000\040\000i\000n\000p\000u\000t}{section.1}% 2
\BOOKMARK [2][-]{subsection.1.2}{\376\377\000S\000c\000o\000p\000e}{section.1}% 3
\BOOKMARK [1][-]{section.2}{\376\377\000P\000a\000r\000a\000m\000e\000t\000e\000r\000s\000\040\000a\000n\000d\000\040\000n\000o\000t\000a\000t\000i\000o\000n}{}% 4
\BOOKMARK [1][-]{section.3}{\376\377\000T\000h\000e\000\040\000c\000a\000n\000o\000n\000i\000c\000a\000l\000\040\000p\000h\000y\000s\000i\000c\000a\000l\000\040\000s\000o\000u\000r\000c\000e}{}% 5
\BOOKMARK [2][-]{subsection.3.1}{\376\377\000R\000o\000w\000s\000\040\000a\000n\000d\000\040\000a\000f\000f\000i\000n\000e\000\040\000f\000o\000r\000m\000s}{section.3}% 6
\BOOKMARK [2][-]{subsection.3.2}{\376\377\000C\000o\000m\000m\000o\000n\000\040\000p\000h\000y\000s\000i\000c\000a\000l\000\040\000s\000m\000o\000o\000t\000h\000i\000n\000g}{section.3}% 7
\BOOKMARK [2][-]{subsection.3.3}{\376\377\000S\000o\000u\000r\000c\000e\000\040\000p\000r\000o\000v\000e\000n\000a\000n\000c\000e\000\040\000a\000n\000d\000\040\000d\000e\000r\000i\000v\000e\000d\000\040\000r\000o\000w\000\040\000d\000e\000p\000e\000n\000d\000e\000n\000c\000e}{section.3}% 8
\BOOKMARK [1][-]{section.4}{\376\377\000F\000o\000u\000r\000i\000e\000r\000\040\000n\000o\000r\000m\000a\000l\000i\000z\000a\000t\000i\000o\000n\000\040\000a\000n\000d\000\040\000d\000e\000t\000e\000r\000m\000i\000n\000a\000n\000t\000\040\000s\000h\000e\000l\000l}{}% 9
\BOOKMARK [1][-]{section.5}{\376\377\000S\000o\000u\000r\000c\000e\000-\000p\000r\000e\000s\000e\000r\000v\000i\000n\000g\000\040\000P\000o\000i\000s\000s\000o\000n\040\023\000B\000r\000u\000h\000a\000t\000\040\000t\000r\000a\000n\000s\000p\000o\000r\000t}{}% 10
\BOOKMARK [1][-]{section.6}{\376\377\000B\000a\000n\000d\000-\000l\000i\000m\000i\000t\000e\000d\000\040\000p\000r\000i\000m\000e\000\040\000p\000a\000r\000t\000i\000c\000i\000p\000a\000t\000i\000o\000n}{}% 11
\BOOKMARK [2][-]{subsection.6.1}{\376\377\000P\000r\000o\000j\000e\000c\000t\000i\000v\000e\000\040\000v\000e\000r\000s\000u\000s\000\040\000n\000o\000n\000-\000p\000r\000o\000j\000e\000c\000t\000i\000v\000e\000\040\000G\000r\000a\000m\000\040\000p\000a\000i\000r\000s}{section.6}% 12
\BOOKMARK [1][-]{section.7}{\376\377\000T\000h\000e\000\040\000u\000n\000i\000q\000u\000e\000\040\000o\000u\000t\000e\000r\000\040\000s\000q\000u\000a\000r\000e\000\040\000r\000o\000o\000t}{}% 13
\BOOKMARK [1][-]{section.8}{\376\377\000P\000r\000o\000j\000e\000c\000t\000i\000v\000e\000\040\000r\000e\000a\000s\000s\000e\000m\000b\000l\000y\000:\000\040\000r\000a\000t\000i\000o\000\040\000c\000l\000a\000s\000s\000e\000s}{}% 14
\BOOKMARK [1][-]{section.9}{\376\377\000R\000e\000c\000o\000m\000b\000i\000n\000a\000t\000i\000o\000n\000\040\000e\000r\000r\000o\000r}{}% 15
\BOOKMARK [1][-]{section.10}{\376\377\000C\000o\000n\000d\000i\000t\000i\000o\000n\000a\000l\000\040\000m\000a\000i\000n\000\040\000t\000h\000e\000o\000r\000e\000m}{}% 16
\BOOKMARK [1][-]{section.11}{\376\377\000S\000c\000o\000p\000e\000\040\000s\000e\000p\000a\000r\000a\000t\000i\000o\000n\000:\000\040\000G\000a\000t\000e\000\040\0001\000A\000\040\000v\000e\000r\000s\000u\000s\000\040\000s\000o\000u\000r\000c\000e\000\040\000r\000o\000u\000t\000i\000n\000g}{}% 17
\BOOKMARK [1][-]{section.12}{\376\377\000F\000o\000r\000m\000a\000l\000\040\000v\000e\000r\000i\000f\000i\000c\000a\000t\000i\000o\000n\000\040\000a\000n\000d\000\040\000p\000r\000o\000v\000e\000n\000a\000n\000c\000e}{}% 18
\BOOKMARK [2][-]{subsection.12.1}{\376\377\000M\000a\000c\000h\000i\000n\000e\000-\000c\000h\000e\000c\000k\000e\000d\000\040\000f\000i\000n\000i\000t\000e\000/\000s\000o\000u\000r\000c\000e\000\040\000s\000k\000e\000l\000e\000t\000o\000n}{section.12}% 19
\BOOKMARK [2][-]{subsection.12.2}{\376\377\000W\000h\000a\000t\000\040\000L\000e\000a\000n\000\040\000d\000o\000e\000s\000\040\000n\000o\000t\000\040\000p\000r\000o\000v\000e}{section.12}% 20
\BOOKMARK [2][-]{subsection.12.3}{\376\377\000R\000e\000s\000e\000a\000r\000c\000h\000\040\000s\000t\000a\000t\000u\000s\000\040\000v\000e\000r\000s\000u\000s\000\040\000f\000o\000r\000m\000a\000l\000\040\000s\000t\000a\000t\000u\000s}{section.12}% 21
\BOOKMARK [2][-]{subsection.12.4}{\376\377\000G\000a\000t\000e\000-\0001\000B\000\040\000v\0008\000.\0005\000\040\000H\0007\000\040\000s\000h\000o\000r\000t\000-\000s\000h\000o\000r\000t\000\040\000b\000a\000n\000k}{section.12}% 22
\BOOKMARK [2][-]{subsection.12.5}{\376\377\000G\000a\000t\000e\000-\0001\000B\000\040\000V\0001\0000\000\040\000z\000e\000r\000o\000/\000s\000o\000u\000r\000c\000e\000/\000r\000e\000a\000s\000s\000e\000m\000b\000l\000y\000\040\000b\000a\000n\000k}{section.12}% 23
\BOOKMARK [1][-]{section.13}{\376\377\000R\000e\000l\000a\000t\000i\000o\000n\000\040\000t\000o\000\040\000K\000l\000o\000o\000s\000t\000e\000r\000m\000a\000n\000-\000f\000r\000a\000c\000t\000i\000o\000n\000\040\000t\000e\000c\000h\000n\000o\000l\000o\000g\000y}{}% 24
\BOOKMARK [1][-]{section.14}{\376\377\000W\000h\000a\000t\000\040\000r\000e\000m\000a\000i\000n\000s\000\040\000o\000u\000t\000s\000i\000d\000e\000\040\000t\000h\000i\000s\000\040\000t\000h\000e\000o\000r\000e\000m}{}% 25
\BOOKMARK [1][-]{section.15}{\376\377\000C\000o\000n\000c\000l\000u\000s\000i\000o\000n}{}% 26
\BOOKMARK [1][-]{appendix.A}{\376\377\000F\000o\000r\000m\000a\000l\000\040\000t\000h\000e\000o\000r\000e\000m\000\040\000m\000a\000p\000\040\000a\000n\000d\000\040\000s\000c\000o\000p\000e\000\040\000l\000e\000d\000g\000e\000r}{}% 27
\BOOKMARK [1][-]{appendix.B}{\376\377\000C\000a\000n\000o\000n\000i\000c\000a\000l\000\040\000s\000o\000u\000r\000c\000e\000\040\000v\000e\000r\000s\000u\000s\000\040\000a\000r\000b\000i\000t\000r\000a\000r\000y\000\040\000e\000d\000g\000e\000\040\000d\000e\000p\000e\000n\000d\000e\000n\000c\000e}{}% 28
\BOOKMARK [1][-]{appendix.C}{\376\377\000C\000o\000m\000p\000l\000e\000m\000e\000n\000t\000a\000r\000y\000\040\000p\000r\000o\000g\000r\000a\000m\000m\000e\000\040\000b\000o\000u\000n\000d\000a\000r\000y\000:\000\040\000G\000a\000t\000e\000\040\0001\000B}{}% 29
\BOOKMARK [2][-]{subsection.C.1}{\376\377\000L\000o\000w\000/\000m\000e\000d\000i\000u\000m\000\040\000c\000o\000n\000d\000u\000c\000t\000o\000r\000\040\000a\000n\000d\000\040\000t\000h\000e\000\040\000h\000i\000g\000h\000-\000c\000o\000n\000d\000u\000c\000t\000o\000r\000\040\000t\000h\000r\000e\000s\000h\000o\000l\000d}{appendix.C}% 30
\BOOKMARK [2][-]{subsection.C.2}{\376\377\000E\000x\000a\000c\000t\000\040\000s\000o\000u\000r\000c\000e\000\040\000s\000p\000l\000i\000t\000\040\000a\000n\000d\000\040\000i\000n\000d\000u\000c\000e\000d\000-\000G\000a\000u\000s\000s\000\040\000c\000a\000n\000c\000e\000l\000l\000a\000t\000i\000o\000n}{appendix.C}% 31
\BOOKMARK [2][-]{subsection.C.3}{\376\377\000P\000r\000i\000m\000e\000-\000c\000h\000a\000r\000a\000c\000t\000e\000r\000\040\000c\000o\000l\000l\000a\000p\000s\000e}{appendix.C}% 32
\BOOKMARK [2][-]{subsection.C.4}{\376\377\000H\000y\000b\000r\000i\000d\000\040\000P\000o\000i\000s\000s\000o\000n\000\040\000f\000o\000r\000m\000u\000l\000a\000\040\000a\000n\000d\000\040\000p\000r\000i\000m\000i\000t\000i\000v\000e\000\040\000p\000r\000o\000j\000e\000c\000t\000o\000r}{appendix.C}% 33
\BOOKMARK [2][-]{subsection.C.5}{\376\377\000D\000u\000a\000l\000\040\000d\000e\000t\000e\000r\000m\000i\000n\000a\000n\000t\000\040\000a\000n\000d\000\040\000t\000h\000e\000\040\000f\000i\000x\000e\000d\000-\000p\000o\000w\000e\000r\000\040\000r\000e\000p\000a\000i\000r}{appendix.C}% 34
\BOOKMARK [2][-]{subsection.C.6}{\376\377\000H\000i\000s\000t\000o\000r\000i\000c\000a\000l\000\040\000H\0007\000\040\000n\000a\000t\000u\000r\000a\000l\000-\000s\000c\000a\000l\000e\000\040\000s\000t\000a\000t\000u\000s\000\040\000a\000n\000d\000\040\000t\000h\000e\000\040\000l\000a\000t\000e\000r\000\040\000p\000r\000o\000m\000o\000t\000i\000o\000n}{appendix.C}% 35
\BOOKMARK [2][-]{subsection.C.7}{\376\377\000T\000h\000e\000\040\000f\000u\000l\000l\000\040\0004\000/\0009\000\040\000c\000o\000m\000p\000l\000e\000m\000e\000n\000t\000\040\000a\000n\000d\000\040\000t\000h\000e\000\040\000s\000q\000u\000a\000r\000e\000-\000r\000o\000o\000t\000\040\000t\000r\000a\000n\000s\000i\000t\000i\000o\000n}{appendix.C}% 36
\BOOKMARK [2][-]{subsection.C.8}{\376\377\000T\000h\000e\000\040\000F\000u\000l\000l\000-\000N\000i\000n\000e\000\040\000s\000h\000i\000f\000t\000e\000d\000-\000q\000u\000o\000t\000i\000e\000n\000t\000\040\000p\000a\000r\000e\000n\000t}{appendix.C}% 37
\BOOKMARK [2][-]{subsection.C.9}{\376\377\000T\000h\000e\000\040\000Q\000K\0005\0006\000\040\000f\000u\000l\000l\000-\000c\000o\000v\000a\000r\000i\000a\000n\000c\000e\000\040\000p\000a\000r\000e\000n\000t}{appendix.C}% 38
\BOOKMARK [2][-]{subsection.C.10}{\376\377\000P\000a\000i\000r\000-\000m\000o\000d\000u\000l\000u\000s\000\040\000c\000a\000p\000a\000c\000i\000t\000y\000\040\000a\000n\000d\000\040\000t\000h\000e\000\040\000m\000o\000v\000i\000n\000g\000\040\000s\000o\000u\000r\000c\000e\000-\000m\000u\000l\000t\000i\000p\000l\000i\000e\000r\000\040\000f\000r\000o\000n\000t\000i\000e\000r}{appendix.C}% 39
\BOOKMARK [2][-]{subsection.C.11}{\376\377\000U\000p\000d\000a\000t\000e\000d\000\040\000G\000a\000t\000e\000-\0001\000B\000\040\000l\000e\000d\000g\000e\000r}{appendix.C}% 40
\BOOKMARK [1][-]{appendix.D}{\376\377\000G\000a\000t\000e\000\040\0000\000,\000\040\000G\000a\000t\000e\000\040\0002\000,\000\040\000a\000n\000d\000\040\000t\000h\000e\000\040\000F\000o\000r\000d\040\023\000M\000a\000y\000n\000a\000r\000d\000\040\000e\000n\000d\000g\000a\000m\000e}{}% 41
\BOOKMARK [2][-]{subsection.D.1}{\376\377\000G\000a\000t\000e\000\040\0000\000:\000\040\000d\000e\000t\000e\000r\000m\000i\000n\000i\000s\000t\000i\000c\000\040\000T\000y\000p\000e\000-\000I\000\040\000c\000o\000m\000p\000i\000l\000e\000r\000\040\000a\000n\000d\000\040\000r\000e\000s\000e\000a\000r\000c\000h\000\040\000s\000t\000a\000t\000u\000s}{appendix.D}% 42
\BOOKMARK [2][-]{subsection.D.2}{\376\377\000T\000h\000e\000\040\000o\000p\000e\000r\000a\000t\000i\000n\000g\000\040\000F\000o\000r\000d\040\023\000M\000a\000y\000n\000a\000r\000d\000\040\000p\000a\000r\000a\000m\000e\000t\000e\000r\000s}{appendix.D}% 43
\BOOKMARK [2][-]{subsection.D.3}{\376\377\000A\000\040\000f\000i\000n\000i\000t\000e\000\040\000r\000o\000u\000g\000h\000n\000e\000s\000s\000\040\000c\000o\000n\000s\000e\000q\000u\000e\000n\000c\000e}{appendix.D}% 44
\BOOKMARK [2][-]{subsection.D.4}{\376\377\000T\000h\000e\000\040\000r\000o\000u\000g\000h\000-\000w\000e\000i\000g\000h\000t\000\040\000i\000n\000p\000u\000t\000\040\000a\000n\000d\000\040\000t\000h\000e\000\040\000N\0002\000\040\000c\000e\000l\000l\000\040\000s\000u\000m}{appendix.D}% 45
\BOOKMARK [2][-]{subsection.D.5}{\376\377\000G\000a\000t\000e\000\040\0002\000\040\000a\000s\000\040\000a\000\040\000c\000o\000n\000d\000i\000t\000i\000o\000n\000a\000l\000\040\000e\000n\000d\000g\000a\000m\000e\000:\000\040\000p\000u\000b\000l\000i\000s\000h\000e\000d\000\040\000a\000n\000d\000\040\000p\000r\000o\000o\000f\000-\000s\000p\000e\000c\000i\000f\000i\000c\000\040\000r\000o\000u\000t\000e\000s}{appendix.D}% 46
\BOOKMARK [2][-]{subsection.D.6}{\376\377\000W\000h\000e\000r\000e\000\040\000G\000a\000t\000e\000\040\0001\000A\000\040\000a\000n\000d\000\040\000G\000a\000t\000e\000\040\0001\000B\000\040\000l\000a\000n\000d\000\040\000i\000n\000\040\000t\000h\000e\000\040\000d\000o\000w\000n\000s\000t\000r\000e\000a\000m\000\040\000T\000y\000p\000e\000-\000I\000I\000\040\000i\000n\000p\000u\000t}{appendix.D}% 47
\BOOKMARK [2][-]{subsection.D.7}{\376\377\000P\000u\000b\000l\000i\000c\000a\000t\000i\000o\000n\000-\000f\000a\000c\000i\000n\000g\000\040\000G\000a\000t\000e\000-\0000\000/\0002\000\040\000s\000t\000a\000t\000u\000s}{appendix.D}% 48
\BOOKMARK [1][-]{appendix.E}{\376\377\000L\000a\000t\000e\000\040\000u\000p\000d\000a\000t\000e\000:\000\040\000r\000e\000f\000i\000n\000e\000d\000\040\000G\000a\000t\000e\000-\0001\000B\000\040\000f\000r\000o\000n\000t\000i\000e\000r\000\040\000a\000n\000d\000\040\000F\000o\000r\000d\040\023\000M\000a\000y\000n\000a\000r\000d\000\040\000l\000a\000n\000d\000i\000n\000g\000\040\000s\000t\000r\000i\000p}{}% 49
\BOOKMARK [2][-]{subsection.E.1}{\376\377\000R\000e\000f\000i\000n\000e\000d\000\040\000G\000a\000t\000e\000-\0001\000B\000\040\000s\000o\000u\000r\000c\000e\000\040\000s\000p\000l\000i\000t}{appendix.E}% 50
\BOOKMARK [2][-]{subsection.E.2}{\376\377\000P\000u\000b\000l\000i\000s\000h\000e\000d\000\040\000F\000o\000r\000d\040\023\000M\000a\000y\000n\000a\000r\000d\000\040\000f\000i\000v\000e\000-\000c\000o\000l\000l\000a\000r\000\040\000g\000e\000o\000m\000e\000t\000r\000y}{appendix.E}% 51
\BOOKMARK [2][-]{subsection.E.3}{\376\377\000A\000\040\000s\000o\000u\000r\000c\000e\000-\000s\000p\000e\000c\000i\000f\000i\000c\000\040\000r\000e\000p\000a\000i\000r\000\040\000o\000f\000\040\000t\000h\000e\000\040\000r\000o\000u\000g\000h\000\040\000N\0002\000\040\000s\000e\000c\000t\000o\000r}{appendix.E}% 52
\BOOKMARK [2][-]{subsection.E.4}{\376\377\000T\000h\000e\000\040\000p\000r\000o\000o\000f\000-\000s\000p\000e\000c\000i\000f\000i\000c\000\040\000F\000o\000r\000d\040\023\000M\000a\000y\000n\000a\000r\000d\000\040\000l\000a\000n\000d\000i\000n\000g\000\040\000p\000o\000i\000n\000t}{appendix.E}% 53
\BOOKMARK [2][-]{subsection.E.5}{\376\377\000T\000h\000e\000\040\000r\000e\000m\000a\000i\000n\000i\000n\000g\000\040\000G\000a\000t\000e\000-\000o\000u\000t\000p\000u\000t\000/\000F\000o\000r\000d\000-\000s\000o\000u\000r\000c\000e\000\040\000a\000d\000a\000p\000t\000e\000r}{appendix.E}% 54
\BOOKMARK [2][-]{subsection.E.6}{\376\377\000R\000e\000v\000i\000s\000e\000d\000\040\000d\000o\000w\000n\000s\000t\000r\000e\000a\000m\000\040\000l\000e\000d\000g\000e\000r}{appendix.E}% 55
\BOOKMARK [1][-]{appendix.F}{\376\377\000L\000a\000t\000e\000\040\000u\000p\000d\000a\000t\000e\000\040\000I\000I\000\040\000\050\000h\000i\000s\000t\000o\000r\000i\000c\000a\000l\000\051\000:\000\040\000Q\000K\0005\0006\000\040\000p\000r\000o\000m\000o\000t\000i\000o\000n\000,\000\040\000s\000h\000i\000f\000t\000e\000d\000\040\000s\000o\000u\000r\000c\000e\000-\000l\000i\000n\000k\000e\000d\000\040\000c\000h\000i\000l\000d\000,\000\040\000a\000n\000d\000\040\000s\000o\000u\000r\000c\000e\000-\000e\000x\000a\000c\000t\000\040\000F\000o\000r\000d\000\040\000a\000d\000a\000p\000t\000e\000r}{}% 56
\BOOKMARK [2][-]{subsection.F.1}{\376\377\000Q\000K\0005\0006\000\040\000f\000u\000l\000l\000\040\000c\000o\000v\000a\000r\000i\000a\000n\000c\000e\000:\000\040\000i\000n\000t\000e\000r\000n\000a\000l\000\040\000p\000r\000o\000m\000o\000t\000i\000o\000n}{appendix.F}% 57
\BOOKMARK [2][-]{subsection.F.2}{\376\377\000T\000h\000e\000\040\000s\000h\000i\000f\000t\000e\000d\000\040\000c\000h\000i\000l\000d\000:\000\040\000s\000o\000u\000r\000c\000e\000\040\000a\000c\000t\000i\000o\000n\000\040\000b\000e\000f\000o\000r\000e\000\040\000a\000n\000a\000l\000y\000s\000i\000s}{appendix.F}% 58
\BOOKMARK [2][-]{subsection.F.3}{\376\377\000T\000e\000c\000h\000n\000o\000l\000o\000g\000y\000\040\000c\000a\000r\000d\000s\000\040\000f\000o\000r\000\040\000t\000h\000e\000\040\000s\000h\000i\000f\000t\000e\000d\000\040\000s\000o\000u\000r\000c\000e\000-\000l\000i\000n\000k\000e\000d\000\040\000c\000h\000i\000l\000d}{appendix.F}% 59
\BOOKMARK [2][-]{subsection.F.4}{\376\377\000M\000i\000n\000i\000m\000a\000l\000\040\000c\000u\000r\000r\000e\000n\000t\000\040\000G\000a\000t\000e\000-\0001\000B\000\040\000l\000e\000d\000g\000e\000r}{appendix.F}% 60
\BOOKMARK [2][-]{subsection.F.5}{\376\377\000F\000o\000r\000d\000-\000g\000e\000n\000e\000r\000a\000t\000e\000d\000\040\000o\000n\000e\000-\000v\000a\000r\000i\000a\000b\000l\000e\000\040\000a\000r\000c\000h\000a\000e\000o\000l\000o\000g\000y\000\040\000a\000n\000d\000\040\000t\000h\000e\000\040\000G\000a\000t\000e\000-\000o\000u\000t\000p\000u\000t\000\040\000s\000o\000u\000r\000c\000e\000\040\000d\000i\000c\000t\000i\000o\000n\000a\000r\000y}{appendix.F}% 61
\BOOKMARK [2][-]{subsection.F.6}{\376\377\000F\000o\000r\000d\040\023\000M\000a\000y\000n\000a\000r\000d\000\040\000s\000c\000o\000p\000e}{appendix.F}% 62
\BOOKMARK [1][-]{appendix.G}{\376\377\000L\000a\000t\000e\000\040\000u\000p\000d\000a\000t\000e\000\040\000I\000I\000I\000\040\000\050\000p\000a\000r\000t\000i\000a\000l\000\040\000c\000h\000i\000l\000d\000\040\000a\000n\000a\000l\000y\000s\000i\000s\000\051\000:\000\040\000n\000a\000t\000i\000v\000e\000\040\000f\000i\000r\000s\000t\000-\000T\000T\000*\000\040\000G\000a\000t\000e\000-\0001\000B\000\040\000r\000e\000d\000u\000c\000t\000i\000o\000n}{}% 63
\BOOKMARK [2][-]{subsection.G.1}{\376\377\000S\000c\000o\000p\000e\000\040\000a\000n\000d\000\040\000c\000u\000r\000r\000e\000n\000t\000\040\000s\000t\000a\000t\000u\000s}{appendix.G}% 64
\BOOKMARK [2][-]{subsection.G.2}{\376\377\000N\000a\000t\000i\000v\000e\000\040\000o\000r\000d\000e\000r\000-\000f\000i\000v\000e\000\040\000s\000o\000u\000r\000c\000e\000\040\000a\000n\000d\000\040\000t\000w\000o\000-\000s\000l\000o\000t\000\040\000c\000o\000m\000p\000l\000e\000t\000i\000o\000n}{appendix.G}% 65
\BOOKMARK [2][-]{subsection.G.3}{\376\377\000T\000h\000e\000\040\000f\000i\000r\000s\000t\000\040\000T\000T\000*\000\040\000s\000e\000c\000t\000o\000r\000\040\000l\000a\000w}{appendix.G}% 66
\BOOKMARK [3][-]{subsubsection.G.3.1}{\376\377\000S\000a\000m\000e\000\040\000m\000o\000d\000u\000l\000u\000s}{subsection.G.3}% 67
\BOOKMARK [3][-]{subsubsection.G.3.2}{\376\377\000C\000o\000p\000r\000i\000m\000e\000\040\000c\000r\000o\000s\000s\000-\000m\000o\000d\000u\000l\000u\000s}{subsection.G.3}% 68
\BOOKMARK [3][-]{subsubsection.G.3.3}{\376\377\000S\000h\000a\000r\000e\000d\000\040\000d\000i\000v\000i\000s\000o\000r}{subsection.G.3}% 69
\BOOKMARK [2][-]{subsection.G.4}{\376\377\000S\000a\000m\000e\000-\000q\000\040\000c\000r\000o\000s\000s\000-\000c\000h\000a\000r\000a\000c\000t\000e\000r\000\040\000d\000i\000s\000c\000r\000e\000p\000a\000n\000c\000y}{appendix.G}% 70
\BOOKMARK [3][-]{subsubsection.G.4.1}{\376\377\000P\000r\000i\000m\000e\000\040\000m\000o\000d\000u\000l\000u\000s}{subsection.G.4}% 71
\BOOKMARK [3][-]{subsubsection.G.4.2}{\376\377\000C\000o\000m\000p\000o\000s\000i\000t\000e\000\040\000m\000o\000d\000u\000l\000u\000s}{subsection.G.4}% 72
\BOOKMARK [3][-]{subsubsection.G.4.3}{\376\377\000F\000i\000x\000e\000d\000-\000p\000o\000w\000e\000r\000\040\000m\000a\000r\000g\000i\000n}{subsection.G.4}% 73
\BOOKMARK [2][-]{subsection.G.5}{\376\377\000C\000r\000o\000s\000s\000-\000q\000\040\000n\000o\000-\000w\000r\000a\000p\000\040\000m\000o\000v\000i\000n\000g\000-\000m\000u\000l\000t\000i\000p\000l\000i\000e\000r\000\040\000t\000h\000e\000o\000r\000e\000m}{appendix.G}% 74
\BOOKMARK [2][-]{subsection.G.6}{\376\377\000A\000\040\000r\000o\000u\000t\000e\000\040\000t\000h\000a\000t\000\040\000c\000a\000n\000\040\000b\000e\000\040\000r\000e\000t\000i\000r\000e\000d}{appendix.G}% 75
\BOOKMARK [2][-]{subsection.G.7}{\376\377\000T\000h\000e\000\040\000e\000x\000a\000c\000t\000\040\000r\000e\000m\000a\000i\000n\000i\000n\000g\000\040\000c\000l\000o\000s\000u\000r\000e\000\040\000s\000y\000s\000t\000e\000m}{appendix.G}% 76
\BOOKMARK [3][-]{subsubsection.G.7.1}{\376\377\000S\000a\000m\000e\000-\000q\000\040\000c\000h\000a\000r\000a\000c\000t\000e\000r\000\040\000d\000i\000a\000g\000o\000n\000a\000l}{subsection.G.7}% 77
\BOOKMARK [3][-]{subsubsection.G.7.2}{\376\377\000C\000r\000o\000s\000s\000-\000q\000\040\000p\000h\000y\000s\000i\000c\000a\000l\000\040\000s\000o\000u\000r\000c\000e\000\040\000s\000p\000r\000e\000a\000d}{subsection.G.7}% 78
\BOOKMARK [3][-]{subsubsection.G.7.3}{\376\377\000S\000o\000u\000r\000c\000e\000-\000e\000x\000h\000a\000u\000s\000t\000i\000v\000e\000\040\000F\000u\000l\000l\000-\000N\000i\000n\000e\000/\000F\000o\000r\000d\000\040\000r\000e\000a\000s\000s\000e\000m\000b\000l\000y}{subsection.G.7}% 79
\BOOKMARK [2][-]{subsection.G.8}{\376\377\000M\000i\000n\000i\000m\000a\000l\000\040\000h\000o\000n\000e\000s\000t\000\040\000d\000e\000p\000e\000n\000d\000e\000n\000c\000y\000\040\000g\000r\000a\000p\000h}{appendix.G}% 80
\BOOKMARK [2][-]{subsection.G.9}{\376\377\000L\000i\000t\000e\000r\000a\000t\000u\000r\000e\000\040\000p\000o\000s\000i\000t\000i\000o\000n\000i\000n\000g}{appendix.G}% 81
\BOOKMARK [2][-]{subsection.G.10}{\376\377\000S\000t\000a\000t\000u\000s\000\040\000b\000e\000f\000o\000r\000e\000\040\000t\000h\000e\000\040\000h\000i\000g\000h\000-\000c\000o\000n\000d\000u\000c\000t\000o\000r\000\040\000s\000i\000g\000n\000e\000d\000-\000p\000a\000r\000e\000n\000t\000\040\000c\000o\000r\000r\000e\000c\000t\000i\000o\000n}{appendix.G}% 82
\BOOKMARK [1][-]{appendix.H}{\376\377\000L\000a\000t\000e\000\040\000u\000p\000d\000a\000t\000e\000\040\000I\000V\000:\000\040\000h\000i\000g\000h\000-\000c\000o\000n\000d\000u\000c\000t\000o\000r\000\040\000c\000o\000m\000p\000l\000e\000m\000e\000n\000t\000\040\000s\000i\000g\000n\000\040\000r\000e\000c\000o\000v\000e\000r\000y\000\040\000a\000n\000d\000\040\000c\000o\000m\000m\000o\000n\000-\000c\000o\000n\000d\000u\000c\000t\000o\000r\000\040\000c\000o\000v\000a\000r\000i\000a\000n\000c\000e}{}% 83
\BOOKMARK [2][-]{subsection.H.1}{\376\377\000B\000a\000n\000k\000e\000d\000\040\000l\000o\000w\000/\000m\000i\000d\000-\000c\000o\000n\000d\000u\000c\000t\000o\000r\000\040\000m\000a\000t\000e\000r\000i\000a\000l}{appendix.H}% 84
\BOOKMARK [2][-]{subsection.H.2}{\376\377\000P\000r\000i\000m\000i\000t\000i\000v\000e\000\040\000c\000o\000n\000d\000u\000c\000t\000o\000r\000\040\000c\000o\000m\000p\000l\000e\000m\000e\000n\000t\000\040\000a\000n\000d\000\040\000e\000x\000a\000c\000t\000\040\000s\000i\000g\000n\000\040\000f\000a\000c\000t\000o\000r\000i\000s\000a\000t\000i\000o\000n}{appendix.H}% 85
\BOOKMARK [2][-]{subsection.H.3}{\376\377\000I\000n\000d\000u\000c\000e\000d\000\040\000G\000a\000u\000s\000s\000\040\000s\000q\000u\000a\000r\000e\000\040\000a\000n\000d\000\040\000s\000u\000r\000v\000i\000v\000a\000l\000\040\000o\000f\000\040\000t\000h\000e\000\040\000c\000o\000m\000p\000l\000e\000m\000e\000n\000t\000\040\000s\000i\000g\000n}{appendix.H}% 86
\BOOKMARK [2][-]{subsection.H.4}{\376\377\000E\000x\000a\000c\000t\000\040\000s\000i\000g\000n\000e\000d\000\040\000p\000a\000r\000e\000n\000t\000\040\000b\000e\000f\000o\000r\000e\000\040\000t\000h\000e\000\040\000s\000i\000g\000n\000-\000k\000i\000l\000l\000i\000n\000g\000\040\000C\000a\000u\000c\000h\000y\000\040\000s\000t\000e\000p}{appendix.H}% 87
\BOOKMARK [2][-]{subsection.H.5}{\376\377\000W\000h\000y\000\040\000t\000h\000e\000\040\000o\000l\000d\000\040\000S\000H\000O\000R\000T\000-\000R\000J\000\040\000p\000r\000e\000-\000C\000a\000u\000c\000h\000y\000\040\000g\000e\000o\000m\000e\000t\000r\000y\000\040\000i\000s\000\040\000f\000a\000l\000s\000e}{appendix.H}% 88
\BOOKMARK [2][-]{subsection.H.6}{\376\377\000H\000i\000g\000h\000\040\000c\000o\000n\000d\000u\000c\000t\000o\000r\000\040\000m\000u\000s\000t\000\040\000r\000e\000c\000o\000m\000b\000i\000n\000e\000\040\000s\000a\000m\000e\000-\000q\000\040\000a\000n\000d\000\040\000c\000o\000m\000m\000o\000n\000-\000c\000o\000n\000d\000u\000c\000t\000o\000r\000\040\000c\000r\000o\000s\000s\000-\000q}{appendix.H}% 89
\BOOKMARK [2][-]{subsection.H.7}{\376\377\000S\000q\000u\000a\000r\000e\000-\000c\000o\000m\000p\000l\000e\000m\000e\000n\000t\000\040\000c\000o\000l\000l\000i\000s\000i\000o\000n\000\040\000a\000n\000d\000\040\000t\000h\000e\000\040\000n\000o\000-\000w\000r\000a\000p\000\040\000t\000h\000r\000e\000s\000h\000o\000l\000d}{appendix.H}% 90
\BOOKMARK [2][-]{subsection.H.8}{\376\377\000S\000o\000u\000r\000c\000e\000-\000s\000t\000a\000g\000e\000\040\000f\000i\000r\000e\000w\000a\000l\000l\000\040\000a\000g\000a\000i\000n\000s\000t\000\040\000a\000\040\000d\000i\000r\000e\000c\000t\000\040\000M\000A\000M\0004\0005\000/\000H\000F\000M\000V\000\040\000i\000d\000e\000n\000t\000i\000f\000i\000c\000a\000t\000i\000o\000n}{appendix.H}% 91
\BOOKMARK [2][-]{subsection.H.9}{\376\377\000T\000h\000e\000\040\000e\000x\000a\000c\000t\000\040\000a\000t\000o\000m\000i\000c\000\040\000h\000i\000g\000h\000-\000c\000o\000n\000d\000u\000c\000t\000o\000r\000\040\000c\000o\000v\000a\000r\000i\000a\000n\000c\000e}{appendix.H}% 92
\BOOKMARK [2][-]{subsection.H.10}{\376\377\000S\000q\000u\000a\000r\000e\000-\000c\000o\000m\000p\000l\000e\000m\000e\000n\000t\000\040\000a\000d\000a\000p\000t\000e\000r\000:\000\040\000c\000a\000n\000d\000i\000d\000a\000t\000e\000\040\000o\000n\000l\000y}{appendix.H}% 93
\BOOKMARK [2][-]{subsection.H.11}{\376\377\000C\000o\000n\000t\000r\000o\000l\000l\000i\000n\000g\000\040\000G\000a\000t\000e\040\023\0001\000B\000\040\000l\000e\000d\000g\000e\000r\000\040\000a\000f\000t\000e\000r\000\040\000t\000h\000e\000\040\000c\000o\000r\000r\000e\000c\000t\000i\000o\000n}{appendix.H}% 94
\BOOKMARK [1][-]{appendix.I}{\376\377\000L\000a\000t\000e\000\040\000u\000p\000d\000a\000t\000e\000\040\000V\000:\000\040\000s\000q\000u\000a\000r\000e\000-\000c\000o\000m\000p\000l\000e\000m\000e\000n\000t\000\040\000d\000e\000a\000t\000h\000\040\000c\000e\000r\000t\000i\000f\000i\000c\000a\000t\000e\000\040\000a\000n\000d\000\040\000t\000h\000e\000\040\000n\000e\000a\000r\000-\000p\000r\000i\000m\000i\000t\000i\000v\000e\000\040\000f\000i\000r\000s\000t\000\040\000o\000p\000e\000n}{}% 95
\BOOKMARK [2][-]{subsection.I.1}{\376\377\000E\000x\000a\000c\000t\000\040\000s\000h\000o\000r\000t\000-\000c\000o\000m\000p\000l\000e\000m\000e\000n\000t\000\040\000s\000q\000u\000a\000r\000e\000\040\000n\000o\000r\000m}{appendix.I}% 96
\BOOKMARK [2][-]{subsection.I.2}{\376\377\000T\000h\000e\000\040\000g\000e\000n\000u\000i\000n\000e\000l\000y\000\040\000s\000h\000o\000r\000t\000\040\000q\000u\000a\000n\000t\000i\000t\000y\000\040\000a\000n\000d\000\040\000t\000h\000e\000\040\000p\000h\000y\000s\000i\000c\000a\000l\000\040\000a\000g\000g\000r\000e\000g\000a\000t\000e\000\040\000v\000a\000r\000i\000a\000b\000l\000e}{appendix.I}% 97
\BOOKMARK [2][-]{subsection.I.3}{\376\377\000P\000r\000i\000m\000i\000t\000i\000v\000e\000-\000K\000l\000o\000o\000s\000t\000e\000r\000m\000a\000n\000\040\000i\000n\000v\000e\000r\000s\000i\000o\000n}{appendix.I}% 98
\BOOKMARK [2][-]{subsection.I.4}{\376\377\000W\000h\000y\000\040\000t\000h\000e\000\040\000n\000a\000i\000v\000e\000\040\000P\000a\000s\000c\000a\000d\000i\000-\0003\000.\0008\000\040\000s\000q\000u\000a\000r\000e\000-\000c\000o\000m\000p\000l\000e\000m\000e\000n\000t\000\040\000d\000i\000c\000t\000i\000o\000n\000a\000r\000y\000\040\000i\000s\000\040\000f\000a\000l\000s\000e}{appendix.I}% 99
\BOOKMARK [2][-]{subsection.I.5}{\376\377\000T\000h\000e\000\040\000d\000e\000e\000p\000e\000r\000\040\000s\000i\000g\000n\000\040\000l\000o\000s\000s\000\040\000i\000n\000s\000i\000d\000e\000\040\000t\000h\000e\000\040\000c\000o\000m\000m\000o\000n\000-\000c\000o\000n\000d\000u\000c\000t\000o\000r\000\040\000c\000o\000v\000a\000r\000i\000a\000n\000c\000e}{appendix.I}% 100
\BOOKMARK [2][-]{subsection.I.6}{\376\377\000R\000e\000p\000r\000e\000s\000e\000n\000t\000a\000t\000i\000o\000n\000-\000l\000o\000o\000p\000\040\000i\000n\000t\000e\000r\000p\000r\000e\000t\000a\000t\000i\000o\000n}{appendix.I}% 101
\BOOKMARK [2][-]{subsection.I.7}{\376\377\000T\000h\000e\000\040\000u\000n\000a\000v\000o\000i\000d\000a\000b\000l\000e\000\040\000n\000e\000a\000r\000-\000p\000r\000i\000m\000i\000t\000i\000v\000e\000\040\000s\000i\000g\000n\000e\000d\000\040\000c\000h\000i\000l\000d}{appendix.I}% 102
\BOOKMARK [2][-]{subsection.I.8}{\376\377\000R\000e\000v\000i\000s\000e\000d\000\040\000G\000a\000t\000e\040\023\0001\000B\000\040\000h\000i\000g\000h\000-\000c\000o\000n\000d\000u\000c\000t\000o\000r\000\040\000D\000A\000G}{appendix.I}% 103
\BOOKMARK [2][-]{subsection.I.9}{\376\377\000C\000o\000n\000t\000r\000o\000l\000l\000i\000n\000g\000\040\000l\000e\000d\000g\000e\000r\000\040\000a\000f\000t\000e\000r\000\040\000t\000h\000e\000\040\000s\000q\000u\000a\000r\000e\000-\000c\000o\000m\000p\000l\000e\000m\000e\000n\000t\000\040\000a\000u\000d\000i\000t}{appendix.I}% 104
\BOOKMARK [1][-]{appendix.J}{\376\377\000L\000a\000t\000e\000\040\000u\000p\000d\000a\000t\000e\000\040\000V\000I\000:\000\040\000s\000o\000u\000r\000c\000e\000-\000m\000i\000n\000i\000m\000a\000l\000\040\000n\000a\000t\000i\000v\000e\000\040\0004\000M\000|\0005\000D\000\040\000M\000A\000M\0004\0005\000\040\000r\000e\000d\000u\000c\000t\000i\000o\000n}{}% 105
\BOOKMARK [2][-]{subsection.J.1}{\376\377\000L\000i\000t\000e\000r\000a\000l\000\040\000o\000r\000d\000e\000r\000-\000f\000i\000v\000e\000\040\000s\000o\000u\000r\000c\000e\000\040\000a\000n\000d\000\040\000t\000h\000e\000\040\000g\000l\000o\000b\000a\000l\000\040\000s\000i\000g\000n}{appendix.J}% 106
\BOOKMARK [2][-]{subsection.J.2}{\376\377\000E\000x\000a\000c\000t\000\040\000s\000c\000a\000l\000a\000r\000i\000s\000a\000t\000i\000o\000n\000\040\000i\000n\000t\000o\000\040\000t\000h\000e\000\040\000n\000a\000t\000i\000v\000e\000\040\0004\000M\000|\0005\000D\000\040\000p\000a\000r\000e\000n\000t}{appendix.J}% 107
\BOOKMARK [2][-]{subsection.J.3}{\376\377\000W\000h\000y\000\040\000t\000h\000e\000\040\000f\000u\000l\000l\000\040\000p\000r\000i\000m\000i\000t\000i\000v\000e\000\040\000p\000a\000c\000k\000e\000t\000\040\000i\000s\000\040\000n\000o\000t\000\040\000t\000h\000e\000\040\000n\000a\000t\000i\000v\000e\000\040\000t\000o\000p\000\040\000t\000e\000r\000m}{appendix.J}% 108
\BOOKMARK [2][-]{subsection.J.4}{\376\377\000C\000e\000n\000t\000r\000e\000d\000-\000s\000o\000u\000r\000c\000e\000\040\000n\000o\000r\000m\000a\000l\000i\000s\000a\000t\000i\000o\000n\000\040\000r\000e\000m\000a\000i\000n\000s\000\040\000a\000\040\000f\000i\000n\000i\000t\000e\000/\000s\000o\000u\000r\000c\000e\000\040\000p\000i\000n}{appendix.J}% 109
\BOOKMARK [2][-]{subsection.J.5}{\376\377\000H\000F\000M\000V\000\040\000i\000s\000\040\000a\000\040\000d\000e\000t\000e\000r\000m\000i\000n\000i\000s\000t\000i\000c\000\040\000s\000u\000f\000f\000i\000c\000i\000e\000n\000t\000\040\000t\000h\000e\000o\000r\000e\000m\000,\000\040\000n\000o\000t\000\040\000a\000\040\000b\000a\000n\000k\000e\000d\000\040\000a\000n\000a\000l\000y\000t\000i\000c\000\040\000i\000n\000p\000u\000t}{appendix.J}% 110
\BOOKMARK [2][-]{subsection.J.6}{\376\377\000A\000\040\000d\000i\000r\000e\000c\000t\000\040\000o\000n\000e\000-\000d\000e\000f\000e\000c\000t\000\040\000S\000i\000e\000g\000e\000l\040\023\000W\000a\000l\000f\000i\000s\000z\000\040\000e\000s\000c\000a\000p\000e\000\040\000i\000s\000\040\000i\000m\000p\000o\000s\000s\000i\000b\000l\000e}{appendix.J}% 111
\BOOKMARK [2][-]{subsection.J.7}{\376\377\000E\000x\000a\000c\000t\000\040\000d\000e\000t\000e\000r\000m\000i\000n\000a\000n\000t\000-\000l\000i\000n\000e\000\040\000s\000p\000e\000c\000t\000r\000a\000l\000\040\000r\000e\000d\000u\000c\000t\000i\000o\000n}{appendix.J}% 112
\BOOKMARK [2][-]{subsection.J.8}{\376\377\000W\000h\000y\000\040\000t\000h\000e\000\040\000p\000r\000e\000s\000e\000n\000t\000l\000y\000\040\000b\000a\000n\000k\000e\000d\000\040\000s\000e\000p\000a\000r\000a\000t\000e\000\040\000u\000n\000i\000f\000o\000r\000m\000i\000t\000i\000e\000s\000\040\000a\000r\000e\000\040\000p\000o\000w\000e\000r\000-\000n\000o\000n\000c\000l\000o\000s\000i\000n\000g}{appendix.J}% 113
\BOOKMARK [2][-]{subsection.J.9}{\376\377\000P\000o\000s\000t\000-\000C\000a\000u\000c\000h\000y\000\040\000p\000r\000o\000j\000e\000c\000t\000o\000r\000\040\000a\000n\000d\000\040\000r\000e\000m\000a\000i\000n\000i\000n\000g\000\040\000v\000i\000a\000b\000l\000e\000\040\000r\000o\000u\000t\000e\000s}{appendix.J}% 114
\BOOKMARK [2][-]{subsection.J.10}{\376\377\000C\000o\000n\000t\000r\000o\000l\000l\000i\000n\000g\000\040\000G\000a\000t\000e\040\023\0001\000B\000\040\000l\000e\000d\000g\000e\000r\000\040\000a\000n\000d\000\040\000D\000A\000G}{appendix.J}% 115
\BOOKMARK [1][-]{appendix.K}{\376\377\000L\000a\000t\000e\000\040\000u\000p\000d\000a\000t\000e\000\040\000V\000I\000I\000:\000\040\000p\000u\000r\000e\000-\000f\000i\000v\000e\000-\000d\000e\000f\000e\000c\000t\000\040\000c\000o\000h\000e\000r\000e\000n\000t\000\040\000p\000r\000o\000j\000e\000c\000t\000o\000r\000\040\000a\000n\000d\000\040\000e\000n\000t\000r\000o\000p\000y\000-\000g\000a\000p\000\040\000r\000o\000u\000t\000e\000r}{}% 116
\BOOKMARK [2][-]{subsection.K.1}{\376\377\000L\000i\000t\000e\000r\000a\000l\000\040\000p\000u\000r\000e\000-\000f\000i\000v\000e\000-\000d\000e\000f\000e\000c\000t\000\040\000p\000a\000c\000k\000e\000t}{appendix.K}% 117
\BOOKMARK [2][-]{subsection.K.2}{\376\377\000D\000e\000t\000e\000r\000m\000i\000n\000a\000n\000t\000-\000l\000i\000n\000e\000\040\000e\000n\000t\000r\000o\000p\000y\000\040\000t\000r\000i\000c\000h\000o\000t\000o\000m\000y}{appendix.K}% 118
\BOOKMARK [2][-]{subsection.K.3}{\376\377\000J\000o\000i\000n\000t\000\040\000l\000i\000n\000e\000\040\000s\000p\000e\000c\000t\000r\000u\000m\000\040\000a\000n\000d\000\040\000i\000n\000v\000e\000r\000s\000e\000\040\000c\000e\000r\000t\000i\000f\000i\000c\000a\000t\000e}{appendix.K}% 119
\BOOKMARK [2][-]{subsection.K.4}{\376\377\000T\000h\000e\000\040\000c\000o\000h\000e\000r\000e\000n\000t\000\040\000B\000-\000p\000r\000o\000j\000e\000c\000t\000o\000r}{appendix.K}% 120
\BOOKMARK [2][-]{subsection.K.5}{\376\377\000E\000q\000u\000a\000l\000-\000f\000a\000c\000t\000o\000r\000\040\000r\000o\000u\000t\000e\000r\000\040\000a\000n\000d\000\040\000t\000h\000e\000\040\000f\000u\000l\000l\000y\000-\000c\000r\000o\000s\000s\000e\000d\000\040\000c\000e\000n\000t\000r\000a\000l\000\040\000b\000a\000n\000d}{appendix.K}% 121
\BOOKMARK [2][-]{subsection.K.6}{\376\377\000N\000e\000w\000\040\000e\000l\000e\000m\000e\000n\000t\000a\000r\000y\000\040\000p\000r\000i\000m\000e\000-\000d\000i\000v\000i\000s\000o\000r\000\040\000r\000i\000g\000i\000d\000i\000t\000y}{appendix.K}% 122
\BOOKMARK [2][-]{subsection.K.7}{\376\377\000N\000e\000x\000t\000\040\000a\000n\000a\000l\000y\000t\000i\000c\000\040\000a\000t\000t\000a\000c\000k\000\040\000a\000n\000d\000\040\000t\000h\000e\000\040\000t\000w\000o\000\040\000w\000i\000n\000g\000s}{appendix.K}% 123
\BOOKMARK [2][-]{subsection.K.8}{\376\377\000M\000a\000j\000o\000r\000\040\000a\000r\000c\000s\000,\000\040\000P\000o\000i\000s\000s\000o\000n\000\040\000t\000a\000i\000l\000,\000\040\000a\000n\000d\000\040\000s\000t\000o\000p\000p\000i\000n\000g\000-\000r\000u\000l\000e\000\040\000l\000e\000d\000g\000e\000r}{appendix.K}% 124
\BOOKMARK [1][-]{appendix.L}{\376\377\000L\000a\000t\000e\000\040\000u\000p\000d\000a\000t\000e\000\040\000V\000I\000I\000I\000:\000\040\000d\000o\000u\000b\000l\000e\000-\000G\000C\000D\000\040\000B\000\351\000z\000o\000u\000t\000\040\000l\000i\000n\000e\000\040\000a\000n\000d\000\040\000r\000a\000n\000k\000-\000o\000n\000e\000\040\000i\000n\000v\000e\000r\000s\000e\000\040\000f\000r\000o\000n\000t\000i\000e\000r}{}% 125
\BOOKMARK [2][-]{subsection.L.1}{\376\377\000F\000r\000o\000m\000\040\000f\000u\000l\000l\000y\000-\000c\000r\000o\000s\000s\000e\000d\000\040\000i\000n\000c\000i\000d\000e\000n\000c\000e\000\040\000t\000o\000\040\000t\000h\000e\000\040\000d\000o\000u\000b\000l\000e\000-\000G\000C\000D\000\040\000B\000\351\000z\000o\000u\000t\000\040\000l\000i\000n\000e}{appendix.L}% 126
\BOOKMARK [2][-]{subsection.L.2}{\376\377\000S\000o\000u\000r\000c\000e\000-\000p\000r\000e\000s\000e\000r\000v\000i\000n\000g\000\040\000M\000R\000K\0005\040\023\000M\000O\000Y\000K\0005\000\040\000r\000e\000v\000e\000r\000s\000e\000\040\000a\000u\000d\000i\000t}{appendix.L}% 127
\BOOKMARK [2][-]{subsection.L.3}{\376\377\000T\000h\000e\000\040\000s\000e\000m\000i\000p\000r\000i\000m\000e\000\040\000c\000o\000e\000f\000f\000i\000c\000i\000e\000n\000t\000\040\000i\000s\000\040\000l\000i\000t\000e\000r\000a\000l\000l\000y\000\040\000M\000\366\000b\000i\000u\000s\000\040\000t\000i\000m\000e\000s\000\040\000a\000\040\000l\000a\000r\000g\000e\000-\000p\000r\000i\000m\000e\000\040\000s\000e\000l\000e\000c\000t\000o\000r}{appendix.L}% 128
\BOOKMARK [2][-]{subsection.L.4}{\376\377\000C\000a\000n\000o\000n\000i\000c\000a\000l\000\040\000p\000r\000i\000m\000i\000t\000i\000v\000e\000\040\000r\000a\000n\000k\000-\000o\000n\000e\000\040\000f\000o\000r\000m}{appendix.L}% 129
\BOOKMARK [2][-]{subsection.L.5}{\376\377\000R\000a\000n\000k\000-\000o\000n\000e\000\040\000s\000h\000i\000f\000t\000\040\000g\000e\000o\000m\000e\000t\000r\000y\000\040\000a\000n\000d\000\040\000t\000h\000e\000\040\000f\000a\000i\000l\000u\000r\000e\000\040\000o\000f\000\040\000a\000\040\000d\000i\000r\000e\000c\000t\000\040\000a\000l\000l\000-\000s\000h\000i\000f\000t\000\040\000C\000h\000o\000w\000l\000a\000\040\000s\000p\000l\000i\000c\000e}{appendix.L}% 130
\BOOKMARK [2][-]{subsection.L.6}{\376\377\000F\000r\000e\000s\000h\000\040\000f\000i\000x\000e\000d\000-\000d\000e\000n\000o\000m\000i\000n\000a\000t\000o\000r\000\040\000a\000u\000d\000i\000t\000i\000o\000n\000\040\000a\000n\000d\000\040\000d\000e\000a\000t\000h\000\040\000c\000e\000r\000t\000i\000f\000i\000c\000a\000t\000e}{appendix.L}% 131
\BOOKMARK [2][-]{subsection.L.7}{\376\377\000L\000o\000w\000\040\000p\000r\000e\000t\000e\000n\000t\000i\000o\000u\000s\000\040\000p\000r\000o\000f\000i\000l\000e\000s\000\040\000a\000r\000e\000\040\000e\000l\000i\000m\000i\000n\000a\000t\000e\000d}{appendix.L}% 132
\BOOKMARK [2][-]{subsection.L.8}{\376\377\000T\000h\000e\000\040\000a\000c\000t\000u\000a\000l\000\040\000f\000i\000r\000s\000t\000\040\000u\000n\000p\000r\000o\000v\000e\000d\000\040\000i\000m\000p\000l\000i\000c\000a\000t\000i\000o\000n}{appendix.L}% 133
\BOOKMARK [2][-]{subsection.L.9}{\376\377\000C\000o\000n\000t\000r\000o\000l\000l\000i\000n\000g\000\040\000l\000e\000d\000g\000e\000r\000\040\000a\000n\000d\000\040\000u\000p\000d\000a\000t\000e\000d\000\040\000G\000a\000t\000e\040\023\0001\000B\000\040\000D\000A\000G}{appendix.L}% 134
\BOOKMARK [1][-]{appendix.M}{\376\377\000W\000o\000r\000k\000i\000n\000g\000\040\000m\000i\000s\000s\000i\000n\000g\000-\000l\000i\000t\000e\000r\000a\000t\000u\000r\000e\000\040\000a\000n\000d\000\040\000s\000o\000u\000r\000c\000e\000-\000d\000e\000f\000i\000n\000i\000t\000i\000o\000n\000\040\000b\000a\000n\000k}{}% 135
\BOOKMARK [2][-]{subsection.M.1}{\376\377\000M\000L\000/\000S\000O\000U\000R\000C\000E\000-\0001\000:\000\040\000G\000a\000t\000e\000-\0001\000B\000\040\000p\000h\000y\000s\000i\000c\000a\000l\000-\000s\000o\000u\000r\000c\000e\000\040\000d\000e\000f\000i\000n\000i\000t\000i\000o\000n\000\040\000g\000a\000p}{appendix.M}% 136
